2026-07-30 03:21:02,360 run_dir=/lus/flare/projects/MatSciAI/xiaoliyan/workdir/hen/sqs_sampling/runs/mc_sqs_20260730_032035/tile_00
2026-07-30 03:21:02,393 reusing calibration/calibration.json  vegard_a=4.484538 Å
2026-07-30 03:23:53,788 HEN vanilla XPU device patch applied (no multi-GPU)
2026-07-30 03:24:08,871 Adding 5 untrained task(s): ['oc25_stress', 'omol_stress', 'odac_stress', 'oc20_stress', 'oc22_stress']
2026-07-30 03:24:16,454 start Hf22N108Nb21Ta21Ti22Zr22 energy=uma supercell=[3, 3, 3] a=4.484538 Å CBMC trials=10 uma_workers=1 device=xpu charge=0 uma_spin=0 (off) E=-2237.635802 eV |alpha|=0.0677 T=1200.0 K steps=500 run_dir=/lus/flare/projects/MatSciAI/xiaoliyan/workdir/hen/sqs_sampling/runs/mc_sqs_20260730_032035/tile_00
2026-07-30 03:28:29,373 step 50/500  E=-2238.415030  accept=0.900  W_new/W_old=1.4302  best_E=-2238.438391  best_|alpha|=0.1364
2026-07-30 03:32:42,340 step 100/500  E=-2238.085021  accept=0.890  W_new/W_old=0.6452  best_E=-2238.815426  best_|alpha|=0.1212
2026-07-30 03:36:55,339 step 150/500  E=-2238.230452  accept=0.880  W_new/W_old=1.0726  best_E=-2238.815426  best_|alpha|=0.1212
2026-07-30 03:41:08,357 step 200/500  E=-2238.404826  accept=0.885  W_new/W_old=1.0162  best_E=-2238.815426  best_|alpha|=0.1212
2026-07-30 03:45:21,456 step 250/500  E=-2237.943054  accept=0.884  W_new/W_old=1.4220  best_E=-2238.815426  best_|alpha|=0.1212
2026-07-30 03:49:34,524 step 300/500  E=-2238.189502  accept=0.893  W_new/W_old=1.1612  best_E=-2238.815426  best_|alpha|=0.1212
2026-07-30 03:53:47,635 step 350/500  E=-2238.434914  accept=0.897  W_new/W_old=1.2713  best_E=-2238.815426  best_|alpha|=0.1212
2026-07-30 03:58:00,524 step 400/500  E=-2238.370505  accept=0.892  W_new/W_old=0.7901  best_E=-2238.815426  best_|alpha|=0.1212
2026-07-30 04:02:13,542 step 450/500  E=-2238.538735  accept=0.891  W_new/W_old=0.7903  best_E=-2238.815426  best_|alpha|=0.1212
2026-07-30 04:06:26,764 step 500/500  E=-2238.525423  accept=0.890  W_new/W_old=0.8075  best_E=-2238.815426  best_|alpha|=0.1212
2026-07-30 04:06:26,790 wrote /lus/flare/projects/MatSciAI/xiaoliyan/workdir/hen/sqs_sampling/runs/mc_sqs_20260730_032035/tile_00/sqs_000.extxyz  mc_step=100  E=-2238.085021 eV  |alpha|=0.0923
2026-07-30 04:06:26,795 wrote /lus/flare/projects/MatSciAI/xiaoliyan/workdir/hen/sqs_sampling/runs/mc_sqs_20260730_032035/tile_00/sqs_001.extxyz  mc_step=150  E=-2238.230452 eV  |alpha|=0.1204
2026-07-30 04:06:26,808 wrote /lus/flare/projects/MatSciAI/xiaoliyan/workdir/hen/sqs_sampling/runs/mc_sqs_20260730_032035/tile_00/sqs_002.extxyz  mc_step=200  E=-2238.404826 eV  |alpha|=0.1091
2026-07-30 04:06:26,822 wrote /lus/flare/projects/MatSciAI/xiaoliyan/workdir/hen/sqs_sampling/runs/mc_sqs_20260730_032035/tile_00/sqs_003.extxyz  mc_step=250  E=-2237.943054 eV  |alpha|=0.0743
2026-07-30 04:06:26,837 wrote /lus/flare/projects/MatSciAI/xiaoliyan/workdir/hen/sqs_sampling/runs/mc_sqs_20260730_032035/tile_00/sqs_004.extxyz  mc_step=300  E=-2238.189502 eV  |alpha|=0.0856
2026-07-30 04:06:26,848 wrote /lus/flare/projects/MatSciAI/xiaoliyan/workdir/hen/sqs_sampling/runs/mc_sqs_20260730_032035/tile_00/sqs_005.extxyz  mc_step=350  E=-2238.434914 eV  |alpha|=0.1296
2026-07-30 04:06:26,853 wrote /lus/flare/projects/MatSciAI/xiaoliyan/workdir/hen/sqs_sampling/runs/mc_sqs_20260730_032035/tile_00/sqs_006.extxyz  mc_step=400  E=-2238.370505 eV  |alpha|=0.1256
2026-07-30 04:06:26,858 wrote /lus/flare/projects/MatSciAI/xiaoliyan/workdir/hen/sqs_sampling/runs/mc_sqs_20260730_032035/tile_00/sqs_007.extxyz  mc_step=450  E=-2238.538735 eV  |alpha|=0.1344
2026-07-30 04:06:26,863 wrote /lus/flare/projects/MatSciAI/xiaoliyan/workdir/hen/sqs_sampling/runs/mc_sqs_20260730_032035/tile_00/sqs_008.extxyz  mc_step=500  E=-2238.525423 eV  |alpha|=0.1163
2026-07-30 04:06:26,874 wrote /lus/flare/projects/MatSciAI/xiaoliyan/workdir/hen/sqs_sampling/runs/mc_sqs_20260730_032035/tile_00/sqs.extxyz (9 frames, CBMC order)
2026-07-30 04:06:26,874 finished run_dir=/lus/flare/projects/MatSciAI/xiaoliyan/workdir/hen/sqs_sampling/runs/mc_sqs_20260730_032035/tile_00
